
> sounny-personal-website@6.0.0 start
> npx serve -l 3000 .

npm warn exec The following package was not found and will be installed: serve@14.2.6
 INFO  Accepting connections at http://localhost:3000
 HTTP  9/25/2026 7:28:37 AM ::1 GET /
 HTTP  9/25/2026 7:28:37 AM ::1 Returned 200 in 313 ms
 HTTP  9/25/2026 7:28:38 AM ::1 GET /css/main.css
 HTTP  9/25/2026 7:28:38 AM ::1 Returned 200 in 3 ms
 HTTP  9/25/2026 7:28:38 AM ::1 GET /img/header.jpg
 HTTP  9/25/2026 7:28:38 AM ::1 GET /js/main.js
 HTTP  9/25/2026 7:28:38 AM ::1 Returned 200 in 2 ms
 HTTP  9/25/2026 7:28:38 AM ::1 Returned 200 in 6 ms
 HTTP  9/25/2026 7:28:38 AM ::1 GET /img/bg-masthead.jpg
 HTTP  9/25/2026 7:28:38 AM ::1 Returned 200 in 3 ms
 HTTP  9/25/2026 7:29:39 AM ::1 GET /
 HTTP  9/25/2026 7:29:39 AM ::1 Returned 200 in 2 ms
 HTTP  9/25/2026 7:29:39 AM ::1 GET /css/main.css
 HTTP  9/25/2026 7:29:39 AM ::1 Returned 200 in 3 ms
 HTTP  9/25/2026 7:29:39 AM ::1 GET /img/header.jpg
 HTTP  9/25/2026 7:29:39 AM ::1 Returned 200 in 1 ms
 HTTP  9/25/2026 7:29:39 AM ::1 GET /js/main.js
 HTTP  9/25/2026 7:29:39 AM ::1 Returned 200 in 3 ms
 HTTP  9/25/2026 7:29:39 AM ::1 GET /img/bg-masthead.jpg
 HTTP  9/25/2026 7:29:39 AM ::1 Returned 200 in 1 ms
 HTTP  9/25/2026 7:30:45 AM ::1 GET /
 HTTP  9/25/2026 7:30:45 AM ::1 Returned 200 in 1 ms
 HTTP  9/25/2026 7:30:45 AM ::1 GET /css/main.css
 HTTP  9/25/2026 7:30:45 AM ::1 GET /img/header.jpg
 HTTP  9/25/2026 7:30:45 AM ::1 Returned 200 in 8 ms
 HTTP  9/25/2026 7:30:45 AM ::1 GET /js/main.js
 HTTP  9/25/2026 7:30:45 AM ::1 Returned 200 in 4 ms
 HTTP  9/25/2026 7:30:45 AM ::1 Returned 200 in 2 ms
 HTTP  9/25/2026 7:30:45 AM ::1 GET /img/bg-masthead.jpg
 HTTP  9/25/2026 7:30:45 AM ::1 Returned 200 in 1 ms
 HTTP  9/25/2026 7:31:54 AM ::1 GET /
 HTTP  9/25/2026 7:31:54 AM ::1 Returned 200 in 2 ms
 HTTP  9/25/2026 7:31:54 AM ::1 GET /css/main.css
 HTTP  9/25/2026 7:31:54 AM ::1 GET /js/main.js
 HTTP  9/25/2026 7:31:54 AM ::1 Returned 200 in 5 ms
 HTTP  9/25/2026 7:31:54 AM ::1 GET /img/header.jpg
 HTTP  9/25/2026 7:31:54 AM ::1 Returned 200 in 3 ms
 HTTP  9/25/2026 7:31:54 AM ::1 Returned 200 in 2 ms
 HTTP  9/25/2026 7:31:54 AM ::1 GET /img/bg-masthead.jpg
 HTTP  9/25/2026 7:31:54 AM ::1 Returned 200 in 1 ms
 HTTP  9/25/2026 7:32:02 AM ::1 GET /
 HTTP  9/25/2026 7:32:02 AM ::1 Returned 200 in 1 ms
 HTTP  9/25/2026 7:32:06 AM ::1 GET /
 HTTP  9/25/2026 7:32:06 AM ::1 Returned 200 in 1 ms
 HTTP  9/25/2026 7:32:21 AM ::1 GET /
 HTTP  9/25/2026 7:32:21 AM ::1 Returned 200 in 2 ms
 HTTP  9/25/2026 7:32:21 AM ::1 GET /css/main.css
 HTTP  9/25/2026 7:32:21 AM ::1 Returned 200 in 2 ms
 HTTP  9/25/2026 7:32:21 AM ::1 GET /img/header.jpg
 HTTP  9/25/2026 7:32:21 AM ::1 GET /js/main.js
 HTTP  9/25/2026 7:32:21 AM ::1 Returned 200 in 2 ms
 HTTP  9/25/2026 7:32:21 AM ::1 Returned 200 in 2 ms
 HTTP  9/25/2026 7:32:21 AM ::1 GET /img/bg-masthead.jpg
 HTTP  9/25/2026 7:32:21 AM ::1 Returned 200 in 0 ms
 HTTP  9/25/2026 7:32:43 AM ::1 GET /
 HTTP  9/25/2026 7:32:43 AM ::1 Returned 200 in 2 ms
 HTTP  9/25/2026 7:32:43 AM ::1 GET /css/main.css
 HTTP  9/25/2026 7:32:43 AM ::1 Returned 200 in 1 ms
 HTTP  9/25/2026 7:32:43 AM ::1 GET /img/header.jpg
 HTTP  9/25/2026 7:32:43 AM ::1 GET /js/main.js
 HTTP  9/25/2026 7:32:43 AM ::1 Returned 200 in 1 ms
 HTTP  9/25/2026 7:32:43 AM ::1 Returned 200 in 0 ms
 HTTP  9/25/2026 7:32:43 AM ::1 GET /img/bg-masthead.jpg
 HTTP  9/25/2026 7:32:43 AM ::1 Returned 200 in 1 ms
 HTTP  9/25/2026 7:32:55 AM ::1 POST /frontend_verification_complete
 HTTP  9/25/2026 7:32:55 AM ::1 Returned 404 in 2 ms

 INFO  Gracefully shutting down. Please wait...
npm notice
npm notice New minor version of npm available! 11.11.0 -> 11.20.0
npm notice Changelog: https://github.com/npm/cli/releases/tag/v11.20.0
npm notice To update run: npm install -g npm@11.20.0
npm notice
